\BOOKMARK [0][-]{dummy.1}{\376\377\000A\000c\000k\000n\000o\000w\000l\000e\000d\000g\000e\000m\000e\000n\000t\000s}{}% 1
\BOOKMARK [0][-]{dummy.2}{\376\377\000A\000b\000s\000t\000r\000a\000c\000t}{}% 2
\BOOKMARK [0][-]{dummy.3}{\376\377\000R\000e\000s\000u\000m\000o}{}% 3
\BOOKMARK [0][-]{dummy.4}{\376\377\000\315\000n\000d\000i\000c\000e}{}% 4
\BOOKMARK [0][-]{dummy.5}{\376\377\000L\000i\000s\000t\000a\000\040\000d\000e\000\040\000F\000i\000g\000u\000r\000a\000s}{}% 5
\BOOKMARK [0][-]{dummy.6}{\376\377\000L\000i\000s\000t\000a\000\040\000d\000e\000\040\000G\000r\000\341\000f\000i\000c\000o\000s}{}% 6
\BOOKMARK [0][-]{dummy.7}{\376\377\000L\000i\000s\000t\000a\000\040\000d\000e\000\040\000T\000a\000b\000e\000l\000a\000s}{}% 7
\BOOKMARK [0][-]{section*.5}{\376\377\000L\000i\000s\000t\000a\000\040\000d\000e\000\040\000A\000b\000r\000e\000v\000i\000a\000t\000u\000r\000a\000s}{}% 8
\BOOKMARK [0][-]{chapter.1}{\376\377\0001\000\040\000I\000n\000t\000r\000o\000d\000u\000\347\000\343\000o}{}% 9
\BOOKMARK [1][-]{section.1.1}{\376\377\0001\000.\0001\000\040\000C\000o\000n\000t\000e\000x\000t\000o\000\040\000c\000l\000\355\000n\000i\000c\000o\000\040\000e\000\040\000t\000\351\000c\000n\000i\000c\000o}{chapter.1}% 10
\BOOKMARK [1][-]{section.1.2}{\376\377\0001\000.\0002\000\040\000P\000r\000o\000b\000l\000e\000m\000a\000\040\000d\000e\000\040\000i\000n\000v\000e\000s\000t\000i\000g\000a\000\347\000\343\000o}{chapter.1}% 11
\BOOKMARK [1][-]{section.1.3}{\376\377\0001\000.\0003\000\040\000C\000o\000n\000t\000r\000i\000b\000u\000i\000\347\000\365\000e\000s\000\040\000e\000\040\000o\000r\000g\000a\000n\000i\000z\000a\000\347\000\343\000o\000\040\000d\000a\000\040\000d\000i\000s\000s\000e\000r\000t\000a\000\347\000\343\000o}{chapter.1}% 12
\BOOKMARK [0][-]{chapter.2}{\376\377\0002\000\040\000O\000b\000j\000e\000t\000i\000v\000o\000s\000\040\000e\000\040\000Q\000u\000e\000s\000t\000\365\000e\000s\000\040\000d\000e\000\040\000I\000n\000v\000e\000s\000t\000i\000g\000a\000\347\000\343\000o}{}% 13
\BOOKMARK [1][-]{section.2.1}{\376\377\0002\000.\0001\000\040\000O\000b\000j\000e\000t\000i\000v\000o\000\040\000g\000e\000r\000a\000l}{chapter.2}% 14
\BOOKMARK [1][-]{section.2.2}{\376\377\0002\000.\0002\000\040\000O\000b\000j\000e\000t\000i\000v\000o\000s\000\040\000e\000s\000p\000e\000c\000\355\000f\000i\000c\000o\000s}{chapter.2}% 15
\BOOKMARK [1][-]{section.2.3}{\376\377\0002\000.\0003\000\040\000H\000i\000p\000\363\000t\000e\000s\000e\000s\000\040\000e\000\040\000d\000e\000s\000f\000e\000c\000h\000o\000s}{chapter.2}% 16
\BOOKMARK [0][-]{chapter.3}{\376\377\0003\000\040\000E\000n\000q\000u\000a\000d\000r\000a\000m\000e\000n\000t\000o\000\040\000e\000\040\000T\000r\000a\000b\000a\000l\000h\000o\000s\000\040\000R\000e\000l\000a\000c\000i\000o\000n\000a\000d\000o\000s}{}% 17
\BOOKMARK [1][-]{section.3.1}{\376\377\0003\000.\0001\000\040\000A\000r\000t\000e\000f\000a\000c\000t\000o\000s\000\040\000m\000e\000t\000\341\000l\000i\000c\000o\000s\000\040\000e\000m\000\040\000t\000o\000m\000o\000g\000r\000a\000f\000i\000a\000\040\000c\000o\000m\000p\000u\000t\000o\000r\000i\000z\000a\000d\000a}{chapter.3}% 18
\BOOKMARK [1][-]{section.3.2}{\376\377\0003\000.\0002\000\040\000R\000e\000d\000u\000\347\000\343\000o\000\040\000d\000e\000\040\000a\000r\000t\000e\000f\000a\000c\000t\000o\000s\000\040\000b\000a\000s\000e\000a\000d\000a\000\040\000e\000m\000\040\000a\000p\000r\000e\000n\000d\000i\000z\000a\000g\000e\000m\000\040\000p\000r\000o\000f\000u\000n\000d\000a}{chapter.3}% 19
\BOOKMARK [1][-]{section.3.3}{\376\377\0003\000.\0003\000\040\000A\000v\000a\000l\000i\000a\000\347\000\343\000o\000\040\000r\000e\000p\000r\000o\000d\000u\000t\000\355\000v\000e\000l\000\040\000e\000\040\000g\000e\000n\000e\000r\000a\000l\000i\000z\000a\000\347\000\343\000o}{chapter.3}% 20
\BOOKMARK [0][-]{chapter.4}{\376\377\0004\000\040\000M\000a\000t\000e\000r\000i\000a\000i\000s\000\040\000e\000\040\000M\000\351\000t\000o\000d\000o\000s}{}% 21
\BOOKMARK [1][-]{section.4.1}{\376\377\0004\000.\0001\000\040\000D\000a\000d\000o\000s\000,\000\040\000c\000u\000r\000a\000d\000o\000r\000i\000a\000\040\000e\000\040\000r\000a\000s\000t\000r\000e\000a\000b\000i\000l\000i\000d\000a\000d\000e}{chapter.4}% 22
\BOOKMARK [2][-]{subsection.4.1.1}{\376\377\0004\000.\0001\000.\0001\000\040\000C\000o\000n\000j\000u\000n\000t\000o\000\040\000C\000T\000-\000M\000A\000R\000\040\000e\000\040\000f\000o\000n\000t\000e\000s\000\040\000d\000e\000\040\000r\000e\000f\000e\000r\000\352\000n\000c\000i\000a}{section.4.1}% 23
\BOOKMARK [2][-]{subsection.4.1.2}{\376\377\0004\000.\0001\000.\0002\000\040\000P\000a\000r\000t\000i\000c\000i\000o\000n\000a\000m\000e\000n\000t\000o\000\040\000a\000o\000\040\000n\000\355\000v\000e\000l\000\040\000d\000o\000\040\000p\000a\000c\000i\000e\000n\000t\000e}{section.4.1}% 24
\BOOKMARK [2][-]{subsection.4.1.3}{\376\377\0004\000.\0001\000.\0003\000\040\000C\000o\000o\000r\000t\000e\000\040\000f\000i\000n\000a\000l\000\040\000e\000\040\000E\000x\000c\000l\000u\000s\000\365\000e\000s}{section.4.1}% 25
\BOOKMARK [2][-]{subsection.4.1.4}{\376\377\0004\000.\0001\000.\0004\000\040\000E\000s\000t\000r\000a\000t\000i\000f\000i\000c\000a\000\347\000\343\000o\000\040\000A\000n\000a\000t\000\363\000m\000i\000c\000a}{section.4.1}% 26
\BOOKMARK [1][-]{section.4.2}{\376\377\0004\000.\0002\000\040\000P\000r\000\351\000-\000p\000r\000o\000c\000e\000s\000s\000a\000m\000e\000n\000t\000o}{chapter.4}% 27
\BOOKMARK [2][-]{subsection.4.2.1}{\376\377\0004\000.\0002\000.\0001\000\040\000V\000e\000r\000i\000f\000i\000c\000a\000\347\000\343\000o\000\040\000d\000e\000\040\000i\000n\000t\000e\000g\000r\000i\000d\000a\000d\000e}{section.4.2}% 28
\BOOKMARK [2][-]{subsection.4.2.2}{\376\377\0004\000.\0002\000.\0002\000\040\000M\000\341\000s\000c\000a\000r\000a\000\040\000C\000o\000r\000p\000o\000r\000a\000l}{section.4.2}% 29
\BOOKMARK [2][-]{subsection.4.2.3}{\376\377\0004\000.\0002\000.\0003\000\040\000J\000a\000n\000e\000l\000a\000\040\000d\000e\000\040\000i\000n\000t\000e\000n\000s\000i\000d\000a\000d\000e\000\040\000e\000\040\000n\000o\000r\000m\000a\000l\000i\000z\000a\000\347\000\343\000o}{section.4.2}% 30
\BOOKMARK [2][-]{subsection.4.2.4}{\376\377\0004\000.\0002\000.\0004\000\040\000M\000\341\000s\000c\000a\000r\000a\000\040\000d\000e\000\040\000a\000r\000t\000e\000f\000a\000c\000t\000o\000\040\000p\000a\000r\000a\000\040\000s\000u\000p\000e\000r\000v\000i\000s\000\343\000o\000\040\000a\000u\000x\000i\000l\000i\000a\000r}{section.4.2}% 31
\BOOKMARK [1][-]{section.4.3}{\376\377\0004\000.\0003\000\040\000A\000r\000q\000u\000i\000t\000e\000t\000u\000r\000a\000s\000\040\000e\000m\000\040\000c\000o\000m\000p\000a\000r\000a\000\347\000\343\000o}{chapter.4}% 32
\BOOKMARK [2][-]{subsection.4.3.1}{\376\377\0004\000.\0003\000.\0001\000\040\000U\000-\000N\000e\000t\000\040\000s\000i\000n\000g\000l\000e\000-\000h\000e\000a\000d}{section.4.3}% 33
\BOOKMARK [2][-]{subsection.4.3.2}{\376\377\0004\000.\0003\000.\0002\000\040\000U\000-\000N\000e\000t\000\040\000d\000u\000a\000l\000-\000h\000e\000a\000d}{section.4.3}% 34
\BOOKMARK [1][-]{section.4.4}{\376\377\0004\000.\0004\000\040\000T\000r\000e\000i\000n\000o\000\040\000r\000e\000p\000r\000o\000d\000u\000t\000\355\000v\000e\000l}{chapter.4}% 35
\BOOKMARK [2][-]{subsection.4.4.1}{\376\377\0004\000.\0004\000.\0001\000\040\000C\000o\000n\000f\000i\000g\000u\000r\000a\000\347\000\343\000o\000,\000\040\000d\000e\000t\000e\000r\000m\000i\000n\000i\000s\000m\000o\000\040\000e\000\040\000s\000e\000l\000e\000\347\000\343\000o\000\040\000d\000e\000\040\000c\000h\000e\000c\000k\000p\000o\000i\000n\000t}{section.4.4}% 36
\BOOKMARK [2][-]{subsection.4.4.2}{\376\377\0004\000.\0004\000.\0002\000\040\000F\000u\000n\000\347\000\343\000o\000\040\000d\000e\000\040\000P\000e\000r\000d\000a}{section.4.4}% 37
\BOOKMARK [1][-]{section.4.5}{\376\377\0004\000.\0005\000\040\000P\000l\000a\000n\000o\000\040\000d\000e\000\040\000a\000v\000a\000l\000i\000a\000\347\000\343\000o}{chapter.4}% 38
\BOOKMARK [2][-]{subsection.4.5.1}{\376\377\0004\000.\0005\000.\0001\000\040\000A\000v\000a\000l\000i\000a\000\347\000\343\000o\000\040\000i\000n\000t\000e\000r\000n\000a}{section.4.5}% 39
\BOOKMARK [3][-]{subsubsection.4.5.1.1}{\376\377\0004\000.\0005\000.\0001\000.\0001\000\040\000M\000\351\000t\000r\000i\000c\000a\000s\000\040\000g\000l\000o\000b\000a\000i\000s}{subsection.4.5.1}% 40
\BOOKMARK [3][-]{subsubsection.4.5.1.2}{\376\377\0004\000.\0005\000.\0001\000.\0002\000\040\000A\000v\000a\000l\000i\000a\000\347\000\343\000o\000\040\000p\000o\000r\000\040\000r\000e\000g\000i\000\365\000e\000s\000\040\000d\000e\000\040\000i\000n\000t\000e\000r\000e\000s\000s\000e}{subsection.4.5.1}% 41
\BOOKMARK [2][-]{subsection.4.5.2}{\376\377\0004\000.\0005\000.\0002\000\040\000A\000n\000\341\000l\000i\000s\000e\000\040\000e\000s\000t\000a\000t\000\355\000s\000t\000i\000c\000a}{section.4.5}% 42
\BOOKMARK [1][-]{section.4.6}{\376\377\0004\000.\0006\000\040\000A\000v\000a\000l\000i\000a\000\347\000\343\000o\000\040\000e\000x\000t\000e\000r\000n\000a\000\040\000p\000o\000r\000\040\000m\000\351\000d\000i\000c\000o\000s}{chapter.4}% 43
\BOOKMARK [2][-]{subsection.4.6.1}{\376\377\0004\000.\0006\000.\0001\000\040\000D\000e\000s\000e\000n\000h\000o\000\040\000e\000\040\000c\000a\000s\000o\000s}{section.4.6}% 44
\BOOKMARK [2][-]{subsection.4.6.2}{\376\377\0004\000.\0006\000.\0002\000\040\000P\000a\000r\000t\000i\000c\000i\000p\000a\000n\000t\000e\000s\000\040\000e\000\040\000p\000r\000o\000t\000e\000\347\000\343\000o\000\040\000d\000e\000\040\000d\000a\000d\000o\000s}{section.4.6}% 45
\BOOKMARK [2][-]{subsection.4.6.3}{\376\377\0004\000.\0006\000.\0003\000\040\000A\000p\000r\000e\000s\000e\000n\000t\000a\000\347\000\343\000o\000\040\000e\000\040\000i\000n\000s\000t\000r\000u\000m\000e\000n\000t\000o\000\040\000d\000e\000\040\000a\000v\000a\000l\000i\000a\000\347\000\343\000o}{section.4.6}% 46
\BOOKMARK [2][-]{subsection.4.6.4}{\376\377\0004\000.\0006\000.\0004\000\040\000D\000e\000s\000f\000e\000c\000h\000o\000s\000\040\000e\000\040\000a\000n\000\341\000l\000i\000s\000e}{section.4.6}% 47
\BOOKMARK [2][-]{subsection.4.6.5}{\376\377\0004\000.\0006\000.\0005\000\040\000E\000s\000t\000a\000d\000o\000\040\000o\000p\000e\000r\000a\000c\000i\000o\000n\000a\000l}{section.4.6}% 48
\BOOKMARK [0][-]{chapter.5}{\376\377\0005\000\040\000R\000e\000s\000u\000l\000t\000a\000d\000o\000s}{}% 49
\BOOKMARK [1][-]{section.5.1}{\376\377\0005\000.\0001\000\040\000C\000o\000o\000r\000t\000e\000\040\000f\000i\000n\000a\000l\000\040\000e\000\040\000i\000n\000t\000e\000g\000r\000i\000d\000a\000d\000e\000\040\000e\000x\000p\000e\000r\000i\000m\000e\000n\000t\000a\000l}{chapter.5}% 50
\BOOKMARK [2][-]{subsection.5.1.1}{\376\377\0005\000.\0001\000.\0001\000\040\000R\000e\000s\000u\000l\000t\000a\000d\000o\000s\000\040\000d\000a\000\040\000A\000p\000r\000o\000v\000a\000\347\000\343\000o\000\040\000A\000u\000t\000o\000m\000\341\000t\000i\000c\000a\000\040\000x\000\040\000I\000n\000s\000p\000e\000\347\000\343\000o\000\040\000M\000a\000n\000u\000a\000l}{section.5.1}% 51
\BOOKMARK [2][-]{subsection.5.1.2}{\376\377\0005\000.\0001\000.\0002\000\040\000A\000n\000\341\000l\000i\000s\000e\000\040\000C\000o\000m\000p\000l\000e\000m\000e\000n\000t\000a\000r\000\040\000c\000o\000m\000m\000s\000-\000s\000s\000i\000m}{section.5.1}% 52
\BOOKMARK [1][-]{section.5.2}{\376\377\0005\000.\0002\000\040\000T\000r\000e\000i\000n\000o\000\040\000d\000o\000s\000\040\000m\000o\000d\000e\000l\000o\000s}{chapter.5}% 53
\BOOKMARK [2][-]{subsection.5.2.1}{\376\377\0005\000.\0002\000.\0001\000\040\000C\000o\000n\000v\000e\000r\000g\000\352\000n\000c\000i\000a\000\040\000e\000\040\000s\000e\000l\000e\000\347\000\343\000o\000\040\000d\000o\000s\000\040\000c\000h\000e\000c\000k\000p\000o\000i\000n\000t\000s}{section.5.2}% 54
\BOOKMARK [2][-]{subsection.5.2.2}{\376\377\0005\000.\0002\000.\0002\000\040\000R\000a\000s\000t\000r\000e\000a\000b\000i\000l\000i\000d\000a\000d\000e\000\040\000d\000a\000s\000\040\000e\000x\000e\000c\000u\000\347\000\365\000e\000s}{section.5.2}% 55
\BOOKMARK [1][-]{section.5.3}{\376\377\0005\000.\0003\000\040\000A\000v\000a\000l\000i\000a\000\347\000\343\000o\000\040\000i\000n\000t\000e\000r\000n\000a\000\040\000n\000o\000\040\000c\000o\000n\000j\000u\000n\000t\000o\000\040\000d\000e\000\040\000t\000e\000s\000t\000e}{chapter.5}% 56
\BOOKMARK [2][-]{subsection.5.3.1}{\376\377\0005\000.\0003\000.\0001\000\040\000D\000e\000s\000f\000e\000c\000h\000o\000s\000\040\000g\000l\000o\000b\000a\000i\000s}{section.5.3}% 57
\BOOKMARK [2][-]{subsection.5.3.2}{\376\377\0005\000.\0003\000.\0002\000\040\000A\000n\000\341\000l\000i\000s\000e\000\040\000p\000o\000r\000\040\000r\000e\000g\000i\000\343\000o\000\040\000d\000e\000\040\000i\000n\000t\000e\000r\000e\000s\000s\000e\000\040\000e\000\040\000p\000r\000e\000s\000e\000r\000v\000a\000\347\000\343\000o\000\040\000a\000n\000a\000t\000\363\000m\000i\000c\000a}{section.5.3}% 58
\BOOKMARK [1][-]{section.5.4}{\376\377\0005\000.\0004\000\040\000C\000o\000m\000p\000a\000r\000a\000\347\000\343\000o\000\040\000p\000a\000r\000e\000a\000d\000a\000\040\000s\000i\000n\000g\000l\000e\000-\000h\000e\000a\000d\000\040\000v\000e\000r\000s\000u\000s\000\040\000d\000u\000a\000l\000-\000h\000e\000a\000d}{chapter.5}% 59
\BOOKMARK [1][-]{section.5.5}{\376\377\0005\000.\0005\000\040\000D\000e\000s\000e\000m\000p\000e\000n\000h\000o\000\040\000c\000o\000m\000p\000u\000t\000a\000c\000i\000o\000n\000a\000l}{chapter.5}% 60
\BOOKMARK [1][-]{section.5.6}{\376\377\0005\000.\0006\000\040\000A\000v\000a\000l\000i\000a\000\347\000\343\000o\000\040\000e\000x\000t\000e\000r\000n\000a\000\040\000p\000o\000r\000\040\000m\000\351\000d\000i\000c\000o\000s}{chapter.5}% 61
\BOOKMARK [2][-]{subsection.5.6.1}{\376\377\0005\000.\0006\000.\0001\000\040\000E\000s\000t\000a\000d\000o\000\040\000d\000a\000\040\000r\000e\000c\000o\000l\000h\000a\000\040\000e\000\040\000p\000a\000r\000t\000i\000c\000i\000p\000a\000n\000t\000e\000s}{section.5.6}% 62
\BOOKMARK [2][-]{subsection.5.6.2}{\376\377\0005\000.\0006\000.\0002\000\040\000D\000e\000s\000f\000e\000c\000h\000o\000\040\000p\000r\000i\000m\000\341\000r\000i\000o\000:\000\040\000v\000i\000s\000u\000a\000l\000i\000z\000a\000\347\000\343\000o\000\040\000a\000n\000a\000t\000\363\000m\000i\000c\000a}{section.5.6}% 63
\BOOKMARK [2][-]{subsection.5.6.3}{\376\377\0005\000.\0006\000.\0003\000\040\000D\000e\000s\000f\000e\000c\000h\000o\000s\000\040\000s\000e\000c\000u\000n\000d\000\341\000r\000i\000o\000s\000\040\000e\000\040\000s\000e\000g\000u\000r\000a\000n\000\347\000a\000\040\000p\000e\000r\000c\000e\000b\000i\000d\000a}{section.5.6}% 64
\BOOKMARK [2][-]{subsection.5.6.4}{\376\377\0005\000.\0006\000.\0004\000\040\000I\000n\000t\000e\000r\000p\000r\000e\000t\000a\000\347\000\343\000o\000\040\000l\000i\000m\000i\000t\000a\000d\000a\000\040\000a\000o\000\040\000d\000e\000s\000e\000n\000h\000o\000\040\000o\000b\000s\000e\000r\000v\000a\000c\000i\000o\000n\000a\000l}{section.5.6}% 65
\BOOKMARK [0][-]{chapter.6}{\376\377\0006\000\040\000D\000i\000s\000c\000u\000s\000s\000\343\000o}{}% 66
\BOOKMARK [1][-]{section.6.1}{\376\377\0006\000.\0001\000\040\000S\000\355\000n\000t\000e\000s\000e\000\040\000d\000o\000s\000\040\000a\000c\000h\000a\000d\000o\000s\000\040\000p\000r\000i\000n\000c\000i\000p\000a\000i\000s}{chapter.6}% 67
\BOOKMARK [1][-]{section.6.2}{\376\377\0006\000.\0002\000\040\000I\000n\000t\000e\000r\000p\000r\000e\000t\000a\000\347\000\343\000o\000\040\000d\000a\000\040\000c\000o\000m\000p\000a\000r\000a\000\347\000\343\000o\000\040\000a\000r\000q\000u\000i\000t\000e\000t\000u\000r\000a\000l}{chapter.6}% 68
\BOOKMARK [1][-]{section.6.3}{\376\377\0006\000.\0003\000\040\000P\000r\000e\000s\000e\000r\000v\000a\000\347\000\343\000o\000\040\000a\000n\000a\000t\000\363\000m\000i\000c\000a\000\040\000e\000\040\000s\000e\000g\000u\000r\000a\000n\000\347\000a\000\040\000d\000a\000\040\000r\000e\000c\000o\000n\000s\000t\000r\000u\000\347\000\343\000o}{chapter.6}% 69
\BOOKMARK [1][-]{section.6.4}{\376\377\0006\000.\0004\000\040\000G\000e\000n\000e\000r\000a\000l\000i\000z\000a\000\347\000\343\000o\000\040\000e\000\040\000a\000v\000a\000l\000i\000a\000\347\000\343\000o\000\040\000e\000x\000t\000e\000r\000n\000a}{chapter.6}% 70
\BOOKMARK [1][-]{section.6.5}{\376\377\0006\000.\0005\000\040\000A\000v\000a\000l\000i\000a\000\347\000\343\000o\000\040\000p\000o\000r\000\040\000m\000\351\000d\000i\000c\000o\000s}{chapter.6}% 71
\BOOKMARK [1][-]{section.6.6}{\376\377\0006\000.\0006\000\040\000L\000i\000m\000i\000t\000a\000\347\000\365\000e\000s}{chapter.6}% 72
\BOOKMARK [1][-]{section.6.7}{\376\377\0006\000.\0007\000\040\000I\000m\000p\000l\000i\000c\000a\000\347\000\365\000e\000s\000\040\000e\000\040\000t\000r\000a\000b\000a\000l\000h\000o\000\040\000f\000u\000t\000u\000r\000o}{chapter.6}% 73
\BOOKMARK [0][-]{chapter.7}{\376\377\0007\000\040\000C\000o\000n\000c\000l\000u\000s\000\365\000e\000s}{}% 74
\BOOKMARK [1][-]{section.7.1}{\376\377\0007\000.\0001\000\040\000C\000o\000n\000c\000l\000u\000s\000\365\000e\000s\000\040\000d\000o\000\040\000e\000s\000t\000u\000d\000o}{chapter.7}% 75
\BOOKMARK [1][-]{section.7.2}{\376\377\0007\000.\0002\000\040\000C\000o\000n\000t\000r\000i\000b\000u\000i\000\347\000\365\000e\000s\000\040\000d\000a\000\040\000d\000i\000s\000s\000e\000r\000t\000a\000\347\000\343\000o}{chapter.7}% 76
\BOOKMARK [1][-]{section.7.3}{\376\377\0007\000.\0003\000\040\000P\000e\000r\000s\000p\000e\000t\000i\000v\000a\000s\000\040\000f\000u\000t\000u\000r\000a\000s}{chapter.7}% 77
\BOOKMARK [0][-]{dummy.8}{\376\377\000B\000i\000b\000l\000i\000o\000g\000r\000a\000p\000h\000y}{}% 78
\BOOKMARK [0][-]{appendix*.25}{\376\377\000R\000e\000g\000i\000s\000t\000o\000\040\000H\000i\000s\000t\000\363\000r\000i\000c\000o\000\040\000d\000o\000\040\000D\000e\000s\000e\000n\000v\000o\000l\000v\000i\000m\000e\000n\000t\000o}{}% 79
\BOOKMARK [0][-]{appendix.A}{\376\377\000A\000\040\000I\000n\000t\000r\000o\000d\000u\000\347\000\343\000o}{}% 80
\BOOKMARK [1][-]{section.A.1}{\376\377\000A\000.\0001\000\040\000O\000b\000j\000e\000t\000i\000v\000o\000\040\000G\000e\000r\000a\000l}{appendix.A}% 81
\BOOKMARK [1][-]{section.A.2}{\376\377\000A\000.\0002\000\040\000O\000b\000j\000e\000t\000i\000v\000o\000s\000\040\000E\000s\000p\000e\000c\000\355\000f\000i\000c\000o\000s}{appendix.A}% 82
\BOOKMARK [0][-]{appendix.B}{\376\377\000B\000\040\000T\000r\000a\000b\000a\000l\000h\000o\000s\000\040\000R\000e\000l\000a\000c\000i\000o\000n\000a\000d\000o\000s}{}% 83
\BOOKMARK [1][-]{section.B.1}{\376\377\000B\000.\0001\000\040\000M\000\351\000t\000o\000d\000o\000s\000\040\000T\000r\000a\000d\000i\000c\000i\000o\000n\000a\000i\000s\000\040\000d\000e\000\040\000R\000e\000d\000u\000\347\000\343\000o\000\040\000d\000e\000\040\000A\000r\000t\000e\000f\000a\000t\000o\000s\000\040\000e\000m\000c\000t}{appendix.B}% 84
\BOOKMARK [1][-]{section.B.2}{\376\377\000B\000.\0002\000\040\000D\000e\000e\000p\000\040\000L\000e\000a\000r\000n\000i\000n\000g\000\040\000p\000a\000r\000a\000\040\000R\000e\000d\000u\000\347\000\343\000o\000\040\000d\000e\000\040\000A\000r\000t\000e\000f\000a\000t\000o\000s\000\040\000e\000m\000c\000t}{appendix.B}% 85
\BOOKMARK [1][-]{section.B.3}{\376\377\000B\000.\0003\000\040\000A\000r\000q\000u\000i\000t\000e\000t\000u\000r\000a\000s\000\040\000A\000v\000a\000n\000\347\000a\000d\000a\000s\000\040\000e\000\040\000M\000e\000c\000a\000n\000i\000s\000m\000o\000s\000\040\000d\000e\000\040\000A\000t\000e\000n\000\347\000\343\000o}{appendix.B}% 86
\BOOKMARK [1][-]{section.B.4}{\376\377\000B\000.\0004\000\040\000A\000v\000a\000l\000i\000a\000\347\000\343\000o\000,\000\040\000G\000e\000n\000e\000r\000a\000l\000i\000z\000a\000\347\000\343\000o\000\040\000e\000\040\000A\000p\000l\000i\000c\000a\000b\000i\000l\000i\000d\000a\000d\000e\000\040\000C\000l\000\355\000n\000i\000c\000a}{appendix.B}% 87
\BOOKMARK [1][-]{section.B.5}{\376\377\000B\000.\0005\000\040\000S\000\355\000n\000t\000e\000s\000e\000\040\000C\000r\000\355\000t\000i\000c\000a\000\040\000e\000\040\000M\000o\000t\000i\000v\000a\000\347\000\343\000o\000\040\000d\000o\000\040\000T\000r\000a\000b\000a\000l\000h\000o}{appendix.B}% 88
\BOOKMARK [0][-]{appendix.C}{\376\377\000C\000\040\000M\000a\000t\000e\000r\000i\000a\000i\000s\000\040\000e\000\040\000M\000\351\000t\000o\000d\000o\000s}{}% 89
\BOOKMARK [1][-]{section.C.1}{\376\377\000C\000.\0001\000\040\000V\000i\000s\000\343\000o\000\040\000G\000e\000r\000a\000l\000\040\000d\000a\000\040\000M\000e\000t\000o\000d\000o\000l\000o\000g\000i\000a}{appendix.C}% 90
\BOOKMARK [1][-]{section.C.2}{\376\377\000C\000.\0002\000\040\000D\000a\000t\000a\000s\000e\000t\000s\000\040\000U\000t\000i\000l\000i\000z\000a\000d\000o\000s}{appendix.C}% 91
\BOOKMARK [2][-]{subsection.C.2.1}{\376\377\000C\000.\0002\000.\0001\000\040\000D\000a\000t\000a\000s\000e\000t\000s\000\040\000P\000r\000i\000n\000c\000i\000p\000a\000l}{section.C.2}% 92
\BOOKMARK [2][-]{subsection.C.2.2}{\376\377\000C\000.\0002\000.\0002\000\040\000D\000a\000t\000a\000s\000e\000t\000\040\000p\000a\000r\000a\000\040\000V\000a\000l\000i\000d\000a\000\347\000\343\000o\000\040\000E\000x\000t\000e\000r\000n\000a}{section.C.2}% 93
\BOOKMARK [1][-]{section.C.3}{\376\377\000C\000.\0003\000\040\000P\000r\000\351\000-\000p\000r\000o\000c\000e\000s\000s\000a\000m\000e\000n\000t\000o\000\040\000d\000o\000s\000\040\000D\000a\000d\000o\000s}{appendix.C}% 94
\BOOKMARK [2][-]{subsection.C.3.1}{\376\377\000C\000.\0003\000.\0001\000\040\000V\000e\000r\000i\000f\000i\000c\000a\000\347\000\343\000o\000\040\000d\000e\000\040\000i\000n\000t\000e\000g\000r\000i\000d\000a\000d\000e\000\040\000d\000o\000s\000\040\000d\000a\000d\000o\000s}{section.C.3}% 95
\BOOKMARK [2][-]{subsection.C.3.2}{\376\377\000C\000.\0003\000.\0002\000\040\000R\000e\000m\000o\000\347\000\343\000o\000\040\000d\000o\000\040\000F\000u\000n\000d\000o\000\040\000d\000o\000s\000\040\000E\000x\000a\000m\000e\000s}{section.C.3}% 96
\BOOKMARK [2][-]{subsection.C.3.3}{\376\377\000C\000.\0003\000.\0003\000\040\000N\000o\000r\000m\000a\000l\000i\000z\000a\000\347\000\343\000o\000\040\000d\000a\000s\000\040\000I\000n\000t\000e\000n\000s\000i\000d\000a\000d\000e\000s}{section.C.3}% 97
\BOOKMARK [2][-]{subsection.C.3.4}{\376\377\000C\000.\0003\000.\0004\000\040\000M\000\341\000s\000c\000a\000r\000a\000s\000\040\000d\000e\000\040\000A\000r\000t\000e\000f\000a\000t\000o}{section.C.3}% 98
\BOOKMARK [1][-]{section.C.4}{\376\377\000C\000.\0004\000\040\000E\000s\000t\000r\000a\000t\000\351\000g\000i\000a\000\040\000d\000e\000\040\000P\000a\000r\000t\000i\000c\000i\000o\000n\000a\000m\000e\000n\000t\000o\000\040\000d\000o\000s\000\040\000D\000a\000d\000o\000s}{appendix.C}% 99
\BOOKMARK [2][-]{subsection.C.4.1}{\376\377\000C\000.\0004\000.\0001\000\040\000E\000s\000t\000r\000a\000t\000i\000f\000i\000c\000a\000\347\000\343\000o\000\040\000p\000o\000r\000\040\000P\000a\000c\000i\000e\000n\000t\000e\000s}{section.C.4}% 100
\BOOKMARK [2][-]{subsection.C.4.2}{\376\377\000C\000.\0004\000.\0002\000\040\000C\000o\000r\000r\000e\000s\000p\000o\000n\000d\000\352\000n\000c\000i\000a\000\040\000e\000n\000t\000r\000e\000\040\000i\000m\000a\000g\000e\000n\000s\000c\000t\000m\000a\000r\000\040\000e\000\040\000D\000e\000e\000p\000L\000e\000s\000i\000o\000n\000/\000U\000C\000L\000H\000\040\000S\000t\000r\000o\000k\000e\000\040\000E\000I\000T\000\040\000D\000a\000t\000a}{section.C.4}% 101
\BOOKMARK [2][-]{subsection.C.4.3}{\376\377\000C\000.\0004\000.\0003\000\040\000D\000a\000d\000o\000s\000\040\000U\000t\000i\000l\000i\000z\000a\000d\000o\000s\000\040\000e\000\040\000E\000x\000c\000l\000u\000s\000\365\000e\000s}{section.C.4}% 102
\BOOKMARK [2][-]{subsection.C.4.4}{\376\377\000C\000.\0004\000.\0004\000\040\000E\000s\000t\000r\000a\000t\000i\000f\000i\000c\000a\000\347\000\343\000o\000\040\000A\000n\000a\000t\000\363\000m\000i\000c\000a}{section.C.4}% 103
\BOOKMARK [1][-]{section.C.5}{\376\377\000C\000.\0005\000\040\000A\000r\000q\000u\000i\000t\000e\000t\000u\000r\000a\000\040\000d\000o\000s\000\040\000M\000o\000d\000e\000l\000o\000s}{appendix.C}% 104
\BOOKMARK [2][-]{subsection.C.5.1}{\376\377\000C\000.\0005\000.\0001\000\040\000M\000o\000d\000e\000l\000o\000\040\000B\000a\000s\000e\000l\000i\000n\000e}{section.C.5}% 105
\BOOKMARK [1][-]{section.C.6}{\376\377\000C\000.\0006\000\040\000E\000s\000t\000u\000d\000o\000s\000\040\000d\000e\000\040\000a\000b\000l\000a\000\347\000\343\000o}{appendix.C}% 106
\BOOKMARK [1][-]{section.C.7}{\376\377\000C\000.\0007\000\040\000F\000l\000u\000x\000o\000\040\000d\000e\000\040\000T\000r\000e\000i\000n\000o}{appendix.C}% 107
\BOOKMARK [2][-]{subsection.C.7.1}{\376\377\000C\000.\0007\000.\0001\000\040\000C\000o\000m\000p\000o\000n\000e\000n\000t\000e\000s\000\040\000d\000e\000\040\000C\000o\000n\000f\000i\000g\000u\000r\000a\000\347\000\343\000o\000\040\000d\000e\000\040\000T\000r\000e\000i\000n\000o}{section.C.7}% 108
\BOOKMARK [3][-]{subsubsection.C.7.1.1}{\376\377\000C\000.\0007\000.\0001\000.\0001\000\040\000O\000t\000i\000m\000i\000z\000a\000d\000o\000r\000\040\000e\000\040\000T\000a\000x\000a\000\040\000d\000e\000\040\000A\000p\000r\000e\000n\000d\000i\000z\000a\000g\000e\000m}{subsection.C.7.1}% 109
\BOOKMARK [3][-]{subsubsection.C.7.1.2}{\376\377\000C\000.\0007\000.\0001\000.\0002\000\040\000S\000c\000h\000e\000d\000u\000l\000e\000r}{subsection.C.7.1}% 110
\BOOKMARK [3][-]{subsubsection.C.7.1.3}{\376\377\000C\000.\0007\000.\0001\000.\0003\000\040\000F\000u\000n\000\347\000\365\000e\000s\000\040\000d\000e\000\040\000P\000e\000r\000d\000a}{subsection.C.7.1}% 111
\BOOKMARK [2][-]{subsection.C.7.2}{\376\377\000C\000.\0007\000.\0002\000\040\000E\000s\000t\000r\000a\000t\000\351\000g\000i\000a\000\040\000d\000e\000\040\000T\000r\000e\000i\000n\000o}{section.C.7}% 112
\BOOKMARK [3][-]{subsubsection.C.7.2.1}{\376\377\000C\000.\0007\000.\0002\000.\0001\000\040\000M\000o\000n\000i\000t\000o\000r\000a\000m\000e\000n\000t\000o\000\040\000d\000o\000\040\000T\000r\000e\000i\000n\000a\000m\000e\000n\000t\000o}{subsection.C.7.2}% 113
\BOOKMARK [1][-]{section.C.8}{\376\377\000C\000.\0008\000\040\000M\000\351\000t\000r\000i\000c\000a\000s}{appendix.C}% 114
\BOOKMARK [2][-]{subsection.C.8.1}{\376\377\000C\000.\0008\000.\0001\000\040\000M\000\351\000t\000r\000i\000c\000a\000s\000\040\000G\000l\000o\000b\000a\000i\000s\000\040\000d\000e\000\040\000Q\000u\000a\000l\000i\000d\000a\000d\000e\000\040\000d\000e\000\040\000I\000m\000a\000g\000e\000m}{section.C.8}% 115
\BOOKMARK [3][-]{subsubsection.C.8.1.1}{\376\377\000C\000.\0008\000.\0001\000.\0001\000\040\000P\000S\000N\000R\000\040\000e\000m\000\040\000E\000s\000c\000a\000l\000a\000\040\000H\000U}{subsection.C.8.1}% 116
\BOOKMARK [3][-]{subsubsection.C.8.1.2}{\376\377\000C\000.\0008\000.\0001\000.\0002\000\040\000S\000S\000I\000M\000\040\000e\000m\000\040\000E\000s\000c\000a\000l\000a\000\040\000H\000U}{subsection.C.8.1}% 117
\BOOKMARK [3][-]{subsubsection.C.8.1.3}{\376\377\000C\000.\0008\000.\0001\000.\0003\000\040\000M\000S\000-\000S\000S\000I\000M\000\040\000e\000m\000\040\000E\000s\000c\000a\000l\000a\000\040\000H\000U}{subsection.C.8.1}% 118
\BOOKMARK [3][-]{subsubsection.C.8.1.4}{\376\377\000C\000.\0008\000.\0001\000.\0004\000\040\000M\000A\000E\000\040\000e\000m\000\040\000E\000s\000c\000a\000l\000a\000\040\000H\000U}{subsection.C.8.1}% 119
\BOOKMARK [2][-]{subsection.C.8.2}{\376\377\000C\000.\0008\000.\0002\000\040\000A\000n\000\341\000l\000i\000s\000e\000\040\000p\000o\000r\000\040\000R\000e\000g\000i\000\365\000e\000s\000\040\000d\000e\000\040\000I\000n\000t\000e\000r\000e\000s\000s\000e}{section.C.8}% 120
\BOOKMARK [3][-]{subsubsection.C.8.2.1}{\376\377\000C\000.\0008\000.\0002\000.\0001\000\040\000D\000e\000f\000i\000n\000i\000\347\000\343\000o\000\040\000d\000a\000s\000\040\000Z\000o\000n\000a\000s}{subsection.C.8.2}% 121
\BOOKMARK [3][-]{subsubsection.C.8.2.2}{\376\377\000C\000.\0008\000.\0002\000.\0002\000\040\000M\000\351\000t\000r\000i\000c\000a\000s\000\040\000p\000o\000r\000\040\000Z\000o\000n\000a}{subsection.C.8.2}% 122
\BOOKMARK [2][-]{subsection.C.8.3}{\376\377\000C\000.\0008\000.\0003\000\040\000C\000r\000i\000t\000\351\000r\000i\000o\000s\000\040\000d\000e\000\040\000S\000e\000l\000e\000\347\000\343\000o\000\040\000d\000a\000s\000\040\000M\000\351\000t\000r\000i\000c\000a\000s}{section.C.8}% 123
\BOOKMARK [1][-]{section.C.9}{\376\377\000C\000.\0009\000\040\000P\000r\000o\000t\000o\000c\000o\000l\000o\000s\000\040\000d\000e\000\040\000V\000a\000l\000i\000d\000a\000\347\000\343\000o}{appendix.C}% 124
\BOOKMARK [2][-]{subsection.C.9.1}{\376\377\000C\000.\0009\000.\0001\000\040\000V\000a\000l\000i\000d\000a\000\347\000\343\000o\000\040\000I\000n\000t\000e\000r\000n\000a}{section.C.9}% 125
\BOOKMARK [2][-]{subsection.C.9.2}{\376\377\000C\000.\0009\000.\0002\000\040\000V\000a\000l\000i\000d\000a\000\347\000\343\000o\000\040\000E\000x\000t\000e\000r\000n\000a}{section.C.9}% 126
\BOOKMARK [1][-]{section.C.10}{\376\377\000C\000.\0001\0000\000\040\000V\000i\000s\000\343\000o\000\040\000G\000e\000r\000a\000l\000\040\000d\000o\000\040\000P\000i\000p\000e\000l\000i\000n\000e}{appendix.C}% 127
\BOOKMARK [1][-]{section.C.11}{\376\377\000C\000.\0001\0001\000\040\000I\000n\000f\000r\000a\000e\000s\000t\000r\000u\000t\000u\000r\000a\000\040\000C\000o\000m\000p\000u\000t\000a\000c\000i\000o\000n\000a\000l}{appendix.C}% 128
\BOOKMARK [0][-]{appendix.D}{\376\377\000D\000\040\000R\000e\000s\000u\000l\000t\000a\000d\000o\000s}{}% 129
\BOOKMARK [0][-]{appendix.E}{\376\377\000E\000\040\000D\000i\000s\000c\000u\000s\000s\000i\000o\000n}{}% 130
\BOOKMARK [0][-]{appendix.F}{\376\377\000F\000\040\000C\000o\000n\000c\000l\000u\000s\000i\000o\000n}{}% 131
\BOOKMARK [0][-]{appendix.G}{\376\377\000G\000\040\000A\000p\000p\000e\000n\000d\000i\000x\000\040\000T\000i\000t\000l\000e\000\040\000H\000e\000r\000e}{}% 132
